// Jest Snapshot v1, https://goo.gl/fbAQLP

exports[`renders as expected 1`] = `
<div>
  <div
    class="css-1p6v9gv"
  >
    <div
      class="MuiStack-root css-ki718v-MuiStack-root"
    >
      <a
        class="MuiTypography-root MuiTypography-inherit MuiLink-root MuiLink-underlineAlways css-1xylxj1-MuiTypography-root-MuiLink-root"
        href="https://www.bristlemouth.org/"
        rel="noopener noreferrer"
        target="_blank"
      >
        <img
          alt="Bristlemouth logo"
          class="css-1vkyz3t"
          src="[object Object]"
        />
      </a>
      <div
        class="MuiStack-root css-57vmio-MuiStack-root"
      >
        <h1
          class="MuiTypography-root MuiTypography-h1 css-rjn9pj-MuiTypography-root"
        >
          Bristlemouth Explorer
        </h1>
        <h3
          class="MuiTypography-root MuiTypography-h3 css-1coa7he-MuiTypography-root"
        >
          Decode data from your Sofar Spotter and Bristlemouth DevKit
        </h3>
        <div
          class="MuiStack-root css-lgn0cp-MuiStack-root"
        >
          <div
            class="MuiStack-root css-nen11g-MuiStack-root"
          >
            <p
              class="MuiTypography-root MuiTypography-body1 css-ndaqpv-MuiTypography-root"
            >
              Enter your Sofar API Token
            </p>
            <div
              class="MuiFormControl-root MuiTextField-root css-1u3bzj6-MuiFormControl-root-MuiTextField-root"
            >
              <div
                class="MuiInputBase-root MuiOutlinedInput-root MuiInputBase-colorPrimary MuiInputBase-formControl MuiInputBase-sizeSmall css-9ddj71-MuiInputBase-root-MuiOutlinedInput-root"
              >
                <input
                  aria-invalid="false"
                  class="MuiInputBase-input MuiOutlinedInput-input MuiInputBase-inputSizeSmall css-1n4twyu-MuiInputBase-input-MuiOutlinedInput-input"
                  id=":r0:"
                  placeholder="XXXX-XXX-XXXX-XXX"
                  type="text"
                  value="•••• token"
                />
                <fieldset
                  aria-hidden="true"
                  class="MuiOutlinedInput-notchedOutline css-1d3z3hw-MuiOutlinedInput-notchedOutline"
                >
                  <legend
                    class="css-ihdtdm"
                  >
                    <span
                      class="notranslate"
                    >
                      ​
                    </span>
                  </legend>
                </fieldset>
              </div>
            </div>
          </div>
          <button
            class="MuiButtonBase-root MuiButton-root MuiButton-contained MuiButton-containedPrimary MuiButton-sizeMedium MuiButton-containedSizeMedium MuiButton-root MuiButton-contained MuiButton-containedPrimary MuiButton-sizeMedium MuiButton-containedSizeMedium css-sghohy-MuiButtonBase-root-MuiButton-root"
            style="color: white; font-weight: bold; text-transform: none;"
            tabindex="0"
            type="button"
          >
            Go
            <span
              class="MuiTouchRipple-root css-8je8zh-MuiTouchRipple-root"
            />
          </button>
        </div>
        <div
          class="MuiStack-root css-aha7cr-MuiStack-root"
        >
          <a
            class="MuiTypography-root MuiTypography-inherit MuiLink-root MuiLink-underlineAlways css-14kpg5b-MuiTypography-root-MuiLink-root"
            href="mailto:info@aqualink.org"
            rel="noopener noreferrer"
            target="_blank"
          >
            Can't find or need a Sofar API Token?
          </a>
          <a
            class="MuiTypography-root MuiTypography-inherit MuiLink-root MuiLink-underlineAlways css-14kpg5b-MuiTypography-root-MuiLink-root"
            href="https://docs.sofarocean.com/"
            rel="noopener noreferrer"
            target="_blank"
          >
            What can you do with this Sofar API?
          </a>
        </div>
      </div>
    </div>
    <header
      class="MuiPaper-root MuiPaper-elevation MuiPaper-elevation4 MuiAppBar-root MuiAppBar-colorPrimary MuiAppBar-positionFixed mui-fixed css-1o4jfbn-MuiPaper-root-MuiAppBar-root"
    >
      <div
        class="MuiStack-root css-kzjm6r-MuiStack-root"
      >
        <p
          class="MuiTypography-root MuiTypography-body1 css-14ylj2n-MuiTypography-root"
        >
          <a
            class="MuiTypography-root MuiTypography-inherit MuiLink-root MuiLink-underlineAlways css-o4qrxl-MuiTypography-root-MuiLink-root"
            href="https://www.bristlemouth.org/"
            rel="noopener noreferrer"
            target="_blank"
          >
            Bristlemouth.org
          </a>
          <a
            class="MuiTypography-root MuiTypography-inherit MuiLink-root MuiLink-underlineAlways css-o4qrxl-MuiTypography-root-MuiLink-root"
            href="https://www.bristlemouth.org/pioneer"
            rel="noopener noreferrer"
            style="margin-left: 2rem; font-weight: bold; text-align: center;"
            target="_blank"
          >
            Apply for the pioneer program
          </a>
        </p>
        <div
          class="MuiStack-root css-17fi1qs-MuiStack-root"
        >
          <p
            class="MuiTypography-root MuiTypography-body1 css-1uwgr7b-MuiTypography-root"
          >
            Developed with ❤️ by
          </p>
          <a
            class="MuiTypography-root MuiTypography-inherit MuiLink-root MuiLink-underlineAlways css-1xylxj1-MuiTypography-root-MuiLink-root"
            href="https://aqualink.org"
            rel="noopener noreferrer"
            target="_blank"
          >
            <img
              alt="Aqualink logo"
              class="css-4vnfkb"
              src="[object Object]"
            />
          </a>
        </div>
        <p
          class="MuiTypography-root MuiTypography-body1 css-jgunqj-MuiTypography-root"
        >
          Bristlemouth Explorer is open source!
          <br />
          Find us on
           
          <a
            class="MuiTypography-root MuiTypography-inherit MuiLink-root MuiLink-underlineAlways css-o4qrxl-MuiTypography-root-MuiLink-root"
            href="https://github.com/aqualinkorg/bristlemouth-explorer"
            rel="noopener noreferrer"
            target="_blank"
          >
            GitHub
          </a>
        </p>
      </div>
    </header>
  </div>
</div>
`;
